2026-09-29 09:56:38,530 INFO Starting v51_unified | history=C:\Users\VCOM\Desktop\Kalyan_Penal_Scraper\sattaboss-data\data\all_markets_history.json | state=C:\Users\VCOM\Desktop\Kalyan_Penal_Scraper\state\engine_v51_unified_state.json
2026-09-29 09:56:38,530 ERROR History validation failed: Empty history
2026-09-29 09:56:46,117 INFO Starting v51_unified | history=C:\Users\VCOM\Desktop\Kalyan_Penal_Scraper\sattaboss-data\data\all_markets_history.json | state=C:\Users\VCOM\Desktop\Kalyan_Penal_Scraper\state\engine_v51_unified_state.json
2026-09-29 09:56:46,117 ERROR History validation failed: Empty history
2026-09-29 09:56:52,966 INFO Starting v51_unified | history=C:\Users\VCOM\Desktop\Kalyan_Penal_Scraper\sattaboss-data\data\all_markets_history.json | state=C:\Users\VCOM\Desktop\Kalyan_Penal_Scraper\state\engine_v51_unified_state.json
2026-09-29 09:56:52,966 ERROR History validation failed: Empty history
2026-09-29 09:57:00,065 INFO Starting v51_unified | history=C:\Users\VCOM\Desktop\Kalyan_Penal_Scraper\sattaboss-data\data\all_markets_history.json | state=C:\Users\VCOM\Desktop\Kalyan_Penal_Scraper\state\engine_v51_unified_state.json
2026-09-29 09:57:00,065 ERROR History validation failed: Empty history
2026-09-29 09:57:11,779 INFO Starting v51_unified | history=/workspace/all_markets_history.json | state=C:\Users\VCOM\Desktop\Kalyan_Penal_Scraper\state\engine_v51_unified_state.json
2026-09-29 09:57:12,162 INFO Backtest mode: auto-skipping first-run walk-forward backtest for past date.
2026-09-29 09:57:17,169 INFO Trained on 44608 samples (2788 positives).
2026-09-29 09:57:18,858 INFO Trained on 44672 samples (2792 positives).
2026-09-29 09:57:20,682 INFO Trained on 44496 samples (2781 positives).
2026-09-29 09:57:21,662 INFO Trained on 18944 samples (1184 positives).
2026-09-29 09:57:22,568 INFO Trained on 18720 samples (1170 positives).
2026-09-29 09:57:23,588 INFO Trained on 26240 samples (1640 positives).
2026-09-29 09:57:25,094 INFO Trained on 31296 samples (1956 positives).
2026-09-29 09:57:26,672 INFO Trained on 43136 samples (2696 positives).
2026-09-29 09:57:29,571 INFO Trained on 77248 samples (4828 positives).
2026-09-29 09:57:32,085 INFO Trained on 65312 samples (4082 positives).
2026-09-29 09:57:33,453 INFO Trained on 31280 samples (1955 positives).
2026-09-29 09:57:35,785 INFO Trained on 62656 samples (3916 positives).
2026-09-29 09:57:37,083 INFO Trained on 31568 samples (1973 positives).
2026-09-29 09:57:38,192 INFO Trained on 25904 samples (1619 positives).
2026-09-29 09:57:40,747 INFO Trained on 70512 samples (4407 positives).
2026-09-29 09:57:42,054 INFO Trained on 28672 samples (1792 positives).
2026-09-29 09:57:43,497 INFO Trained on 37664 samples (2354 positives).
2026-09-29 09:57:44,857 INFO Trained on 31536 samples (1971 positives).
2026-09-29 09:57:46,170 INFO Trained on 26000 samples (1625 positives).
2026-09-29 09:57:47,282 INFO Trained on 27344 samples (1709 positives).
2026-09-29 09:57:48,957 INFO Trained on 42912 samples (2682 positives).
2026-09-29 09:57:50,961 INFO Trained on 52656 samples (3291 positives).
2026-09-29 09:57:52,175 INFO Trained on 29936 samples (1871 positives).
2026-09-29 09:57:53,359 INFO Trained on 25392 samples (1587 positives).
2026-09-29 09:57:54,477 INFO Trained on 25792 samples (1612 positives).
2026-09-29 09:57:56,970 INFO Trained on 65552 samples (4097 positives).
2026-09-29 09:57:58,982 INFO Trained on 53168 samples (3323 positives).
2026-09-29 09:58:00,685 INFO Trained on 43456 samples (2716 positives).
2026-09-29 09:58:02,169 INFO Trained on 38224 samples (2389 positives).
2026-09-29 09:58:03,373 INFO Trained on 26864 samples (1679 positives).
2026-09-29 09:58:05,179 INFO Trained on 43392 samples (2712 positives).
2026-09-29 09:58:07,172 INFO Trained on 51632 samples (3227 positives).
2026-09-29 09:58:08,160 INFO Trained on 16656 samples (1041 positives).
2026-09-29 09:58:09,753 INFO Trained on 38192 samples (2387 positives).
2026-09-29 09:58:11,270 INFO Trained on 38336 samples (2396 positives).
2026-09-29 09:58:12,956 INFO Trained on 45088 samples (2818 positives).
2026-09-29 09:58:14,669 INFO Trained on 44816 samples (2801 positives).
2026-09-29 09:58:16,363 INFO Trained on 44848 samples (2803 positives).
2026-09-29 09:58:18,996 INFO Trained on 67952 samples (4247 positives).
2026-09-29 09:58:20,047 INFO Trained on 22816 samples (1426 positives).
2026-09-29 09:58:21,069 INFO Trained on 24864 samples (1554 positives).
2026-09-29 09:58:22,186 INFO Trained on 24752 samples (1547 positives).
2026-09-29 09:58:23,584 INFO Trained on 35696 samples (2231 positives).
2026-09-29 09:58:27,277 INFO Trained on 97232 samples (6077 positives).
2026-09-29 09:58:30,648 INFO Trained on 87728 samples (5483 positives).
2026-09-29 09:58:32,589 INFO Trained on 53056 samples (3316 positives).
2026-09-29 09:58:36,295 INFO Trained on 99216 samples (6201 positives).
2026-09-29 09:58:38,051 INFO Trained on 47632 samples (2977 positives).
2026-09-29 09:58:39,664 INFO Trained on 42400 samples (2650 positives).
2026-09-29 09:58:41,289 INFO Trained on 41616 samples (2601 positives).
2026-09-29 09:58:42,959 INFO Trained on 41776 samples (2611 positives).
2026-09-29 09:58:45,379 INFO Trained on 62320 samples (3895 positives).
2026-09-29 09:58:47,660 INFO Trained on 62608 samples (3913 positives).
2026-09-29 09:58:49,588 INFO Trained on 50928 samples (3183 positives).
2026-09-29 09:58:51,064 INFO Trained on 38368 samples (2398 positives).
2026-09-29 09:58:51,851 INFO Trained on 14400 samples (900 positives).
2026-09-29 09:58:53,771 INFO Trained on 49856 samples (3116 positives).
2026-09-29 09:58:54,757 INFO Trained on 18496 samples (1156 positives).
2026-09-29 09:58:55,772 INFO Trained on 23104 samples (1444 positives).
2026-09-29 09:58:56,969 INFO Trained on 25632 samples (1602 positives).
2026-09-29 09:58:58,281 INFO Trained on 30176 samples (1886 positives).
2026-09-29 09:58:59,482 INFO Trained on 30160 samples (1885 positives).
2026-09-29 09:59:00,754 INFO Trained on 29744 samples (1859 positives).
2026-09-29 09:59:02,260 INFO Trained on 39088 samples (2443 positives).
2026-09-29 09:59:03,550 INFO Trained on 29648 samples (1853 positives).
2026-09-29 09:59:04,195 INFO Trained on 10048 samples (628 positives).
2026-09-29 09:59:04,790 INFO Trained on 7408 samples (463 positives).
2026-09-29 09:59:06,393 INFO Trained on 42656 samples (2666 positives).
2026-09-29 09:59:07,781 INFO Trained on 33824 samples (2114 positives).
2026-09-29 09:59:09,184 INFO Trained on 33856 samples (2116 positives).
2026-09-29 09:59:10,559 INFO Trained on 33168 samples (2073 positives).
2026-09-29 09:59:12,166 INFO Trained on 39840 samples (2490 positives).
2026-09-29 09:59:14,861 INFO Trained on 73168 samples (4573 positives).
2026-09-29 09:59:16,571 INFO Trained on 45696 samples (2856 positives).
2026-09-29 09:59:18,690 INFO Trained on 55440 samples (3465 positives).
2026-09-29 09:59:19,789 INFO Trained on 24208 samples (1513 positives).
2026-09-29 09:59:23,773 INFO Trained on 106048 samples (6628 positives).
2026-09-29 09:59:24,653 INFO Trained on 17968 samples (1123 positives).
2026-09-29 09:59:26,096 INFO Trained on 28800 samples (1800 positives).
2026-09-29 09:59:27,990 INFO Trained on 55040 samples (3440 positives).
2026-09-29 09:59:30,174 INFO Trained on 55104 samples (3444 positives).
2026-09-29 09:59:32,191 INFO Trained on 54960 samples (3435 positives).
2026-09-29 09:59:34,195 INFO Trained on 56704 samples (3544 positives).
2026-09-29 09:59:37,093 INFO Trained on 76544 samples (4784 positives).
2026-09-29 09:59:39,670 INFO Trained on 66768 samples (4173 positives).
2026-09-29 09:59:40,656 INFO Trained on 18512 samples (1157 positives).
2026-09-29 09:59:41,673 INFO Trained on 23936 samples (1496 positives).
2026-09-29 09:59:42,877 INFO Trained on 27008 samples (1688 positives).
2026-09-29 09:59:43,874 INFO Trained on 21440 samples (1340 positives).
2026-09-29 09:59:46,684 INFO Trained on 72032 samples (4502 positives).
2026-09-29 09:59:47,952 INFO Trained on 27376 samples (1711 positives).
2026-09-29 09:59:51,084 INFO Trained on 84048 samples (5253 positives).
2026-09-29 09:59:52,670 INFO Trained on 36176 samples (2261 positives).
2026-09-29 09:59:54,469 INFO Trained on 46496 samples (2906 positives).
2026-09-29 09:59:58,657 INFO Trained on 106672 samples (6667 positives).
2026-09-29 09:59:59,756 INFO Trained on 25296 samples (1581 positives).
2026-09-29 10:00:01,076 INFO Trained on 31216 samples (1951 positives).
2026-09-29 10:00:02,382 INFO Trained on 31056 samples (1941 positives).
2026-09-29 10:00:03,863 INFO Trained on 30816 samples (1926 positives).
2026-09-29 10:00:06,688 INFO Trained on 74992 samples (4687 positives).
2026-09-29 10:00:09,179 INFO Trained on 64656 samples (4041 positives).
2026-09-29 10:00:09,667 INFO Trained on 5312 samples (332 positives).
2026-09-29 10:00:10,784 INFO Trained on 28544 samples (1784 positives).
2026-09-29 10:00:13,163 INFO Trained on 62848 samples (3928 positives).
2026-09-29 10:00:14,981 INFO Trained on 45968 samples (2873 positives).
2026-09-29 10:00:16,791 INFO Trained on 47936 samples (2996 positives).
2026-09-29 10:00:18,695 INFO Trained on 46960 samples (2935 positives).
2026-09-29 10:00:20,484 INFO Trained on 47744 samples (2984 positives).
2026-09-29 10:00:21,561 INFO Trained on 21568 samples (1348 positives).
2026-09-29 10:00:23,990 INFO Trained on 65904 samples (4119 positives).
2026-09-29 10:00:26,592 INFO Trained on 66192 samples (4137 positives).
2026-09-29 10:00:28,991 INFO Trained on 63536 samples (3971 positives).
2026-09-29 10:00:31,265 INFO Trained on 62000 samples (3875 positives).
2026-09-29 10:00:33,794 INFO Trained on 65776 samples (4111 positives).
2026-09-29 10:00:35,852 INFO Trained on 48816 samples (3051 positives).
2026-09-29 10:00:37,549 INFO Trained on 42736 samples (2671 positives).
2026-09-29 10:00:38,973 INFO Trained on 31472 samples (1967 positives).
2026-09-29 10:00:40,268 INFO Trained on 31440 samples (1965 positives).
2026-09-29 10:00:41,546 INFO Trained on 31376 samples (1961 positives).
2026-09-29 10:00:43,767 INFO Trained on 54944 samples (3434 positives).
2026-09-29 10:00:44,272 INFO Trained on 3376 samples (211 positives).
2026-09-29 10:00:44,953 INFO Trained on 9456 samples (591 positives).
2026-09-29 10:00:46,689 INFO Trained on 43008 samples (2688 positives).
2026-09-29 10:00:48,380 INFO Trained on 42688 samples (2668 positives).
2026-09-29 10:00:49,872 INFO Trained on 31472 samples (1967 positives).
2026-09-29 10:00:50,866 INFO Trained on 13616 samples (851 positives).
2026-09-29 10:00:52,063 INFO Trained on 25904 samples (1619 positives).
2026-09-29 10:00:53,055 INFO Trained on 20416 samples (1276 positives).
2026-09-29 10:00:55,472 INFO Trained on 64960 samples (4060 positives).
2026-09-29 10:00:57,961 INFO Trained on 63424 samples (3964 positives).
2026-09-29 10:01:00,381 INFO Trained on 63392 samples (3962 positives).
2026-09-29 10:01:02,581 INFO Trained on 56192 samples (3512 positives).
2026-09-29 10:01:04,562 INFO Trained on 52256 samples (3266 positives).
2026-09-29 10:01:06,950 INFO Trained on 63440 samples (3965 positives).
2026-09-29 10:01:09,356 INFO Trained on 56848 samples (3553 positives).
2026-09-29 10:01:12,193 INFO Trained on 74976 samples (4686 positives).
2026-09-29 10:01:14,583 INFO Trained on 63856 samples (3991 positives).
2026-09-29 10:01:15,074 INFO Trained on 4096 samples (256 positives).
2026-09-29 10:01:16,782 INFO Trained on 42880 samples (2680 positives).
2026-09-29 10:01:18,088 INFO Trained on 31296 samples (1956 positives).
2026-09-29 10:01:20,953 INFO Trained on 74560 samples (4660 positives).
2026-09-29 10:01:23,766 INFO Trained on 72176 samples (4511 positives).
2026-09-29 10:01:25,367 INFO Trained on 38320 samples (2395 positives).
2026-09-29 10:01:26,748 INFO Trained on 28016 samples (1751 positives).
2026-09-29 10:01:26,810 INFO Output written to C:\Users\VCOM\Desktop\Kalyan_Penal_Scraper\output/todays_predictions_v51_20260929.json (144 markets)
2026-09-29 10:01:26,822 INFO State saved to C:\Users\VCOM\Desktop\Kalyan_Penal_Scraper\state\engine_v51_unified_state.json
2026-09-29 10:01:40,366 INFO Starting v51_unified | history=/workspace/all_markets_history.json | state=C:\Users\VCOM\Desktop\Kalyan_Penal_Scraper\state\engine_v51_unified_state.json
2026-09-29 10:01:40,721 INFO Backtest mode: auto-skipping first-run walk-forward backtest for past date.
2026-09-29 10:01:43,862 INFO Incremental backtest scored: {'andhra_day': 1, 'andhra_morning': 1, 'andhra_night': 1, 'apla_bazar_day': 0, 'apla_bazar_night': 0, 'asha_bazar': 0, 'bombay_day': 1, 'bombay_night': 1, 'bombay_rajshree_day': 1, 'bombay_rajshree_night': 1, 'cb': 0, 'central_bombay': 1, 'central_mumbai': 1, 'chandni_morning': 0, 'country_bazar': 1, 'day_bombay': 1, 'delhi_bazar': 1, 'diamond': 1, 'diamond_night': 1, 'durga_night': 0, 'geeta_morning': 1, 'gowa': 1, 'gujrat_morning': 0, 'gujrat_night': 0, 'janta_day': 0, 'janta_morning': 1, 'jay_shree_day': 1, 'kaali': 1, 'kalyan': 1, 'kalyan_express': 1, 'kalyan_morning': 1, 'kalyan_night': 1, 'kalyan_sai_day': 0, 'kalyan_sridevi': 1, 'kalyan_sridevi_night': 1, 'kamal_day': 1, 'kamal_morning': 1, 'kamal_night': 1, 'karnataka_day': 1, 'khatri_morning': 0, 'laxmi_day': 1, 'laxmi_night': 1, 'lokseva_day': 1, 'madhur_day': 1, 'madhur_morning': 1, 'madhur_night': 1, 'madhuri': 1, 'madhuri_night': 1, 'mahadevi': 1, 'mahadevi_morning': 1, 'mahadevi_night': 1, 'maharani': 1, 'maharani_day': 1, 'maharani_night': 1, 'main_bazar': 1, 'main_bazar_day': 0, 'main_bazar_morning': 1, 'main_mumbai_night': 0, 'main_mumbai_rk': 0, 'mangal_bazar': 0, 'mangal_day': 0, 'mangal_morning': 0, 'mangal_night': 0, 'maya_bazar': 1, 'meena_bazar': 1, 'meena_bazar_day': 0, 'meena_bazar_night': 0, 'meena_morning': 1, 'milan_bazar_day': 1, 'milan_bazar_morning': 1, 'milan_bazar_night': 1, 'milan_day': 1, 'milan_morning': 1, 'milan_night': 1, 'mohini': 1, 'mumbai_bazar': 1, 'mumbai_morning': 1, 'new_time_bazar': 0, 'night_bombay': 1, 'ntr_day': 1, 'ntr_morning': 1, 'ntr_night': 1, 'old_main_mumbai': 1, 'padmavathi': 1, 'padmavathi_night': 1, 'parel_day': 0, 'parvati': 0, 'prabhat': 1, 'prabhat_night': 0, 'puna_bazar': 1, 'puna_night_main': 0, 'rajdhani_day': 1, 'rajdhani_morning_main': 1, 'rajdhani_night': 1, 'rakhi_morning': 1, 'ratan_khatri': 0, 'ratna_day': 1, 'ratna_morning': 1, 'ratna_night': 1, 'rose_bazar_day': 1, 'rose_bazar_night': 1, 'sahara': 0, 'samrat_bazar': 1, 'shri_day': 1, 'shri_night': 1, 'sita_day': 1, 'sita_morning': 1, 'sita_night': 1, 'sitara_bazar': 0, 'sri_dhanalaxmi': 1, 'sridevi': 1, 'sridevi_day': 1, 'sridevi_morning': 1, 'sridevi_night': 1, 'srilakshmi': 1, 'srilaxmi_day': 1, 'star_tara_day': 1, 'star_tara_morning': 1, 'star_tara_night': 1, 'sunday_bazar': 1, 'super_day': 0, 'super_goa_day': 0, 'super_king': 1, 'super_king_night': 1, 'super_milan_day': 1, 'super_milan_night': 0, 'super_morning': 0, 'super_night': 0, 'super_time': 1, 'supreme_day': 1, 'supreme_night': 1, 'tara_mumbai_day': 1, 'tara_mumbai_night': 1, 'teen_patti': 1, 'time_bazar': 1, 'time_bazar_day': 1, 'time_bazar_morning': 1, 'time_night': 0, 'tulsi_morning': 1, 'worli_morning': 0, 'worli_mumbai': 1, 'worli_mumbai_day': 1, 'worli_mumbai_night': 1, 'worli_night': 0}
2026-09-29 10:01:52,815 INFO Output written to C:\Users\VCOM\Desktop\Kalyan_Penal_Scraper\output/todays_predictions_v51_20260929.json (144 markets)
2026-09-29 10:01:52,851 INFO State saved to C:\Users\VCOM\Desktop\Kalyan_Penal_Scraper\state\engine_v51_unified_state.json
2026-09-29 10:01:59,167 INFO Starting v51_unified | history=/workspace/all_markets_history.json | state=C:\Users\VCOM\Desktop\Kalyan_Penal_Scraper\state\engine_v51_unified_state.json
2026-09-29 10:01:59,525 INFO Backtest mode: auto-skipping first-run walk-forward backtest for past date.
2026-09-29 10:02:02,601 INFO Incremental backtest scored: {'andhra_day': 1, 'andhra_morning': 1, 'andhra_night': 1, 'apla_bazar_day': 0, 'apla_bazar_night': 0, 'asha_bazar': 0, 'bombay_day': 1, 'bombay_night': 1, 'bombay_rajshree_day': 1, 'bombay_rajshree_night': 1, 'cb': 0, 'central_bombay': 1, 'central_mumbai': 1, 'chandni_morning': 0, 'country_bazar': 1, 'day_bombay': 1, 'delhi_bazar': 1, 'diamond': 1, 'diamond_night': 1, 'durga_night': 0, 'geeta_morning': 1, 'gowa': 1, 'gujrat_morning': 0, 'gujrat_night': 0, 'janta_day': 0, 'janta_morning': 1, 'jay_shree_day': 1, 'kaali': 1, 'kalyan': 1, 'kalyan_express': 1, 'kalyan_morning': 1, 'kalyan_night': 1, 'kalyan_sai_day': 0, 'kalyan_sridevi': 1, 'kalyan_sridevi_night': 1, 'kamal_day': 1, 'kamal_morning': 1, 'kamal_night': 1, 'karnataka_day': 1, 'khatri_morning': 0, 'laxmi_day': 1, 'laxmi_night': 1, 'lokseva_day': 1, 'madhur_day': 1, 'madhur_morning': 1, 'madhur_night': 1, 'madhuri': 1, 'madhuri_night': 1, 'mahadevi': 1, 'mahadevi_morning': 1, 'mahadevi_night': 1, 'maharani': 1, 'maharani_day': 1, 'maharani_night': 1, 'main_bazar': 1, 'main_bazar_day': 0, 'main_bazar_morning': 1, 'main_mumbai_night': 0, 'main_mumbai_rk': 0, 'mangal_bazar': 0, 'mangal_day': 0, 'mangal_morning': 0, 'mangal_night': 0, 'maya_bazar': 1, 'meena_bazar': 1, 'meena_bazar_day': 0, 'meena_bazar_night': 0, 'meena_morning': 1, 'milan_bazar_day': 1, 'milan_bazar_morning': 1, 'milan_bazar_night': 1, 'milan_day': 1, 'milan_morning': 1, 'milan_night': 1, 'mohini': 1, 'mumbai_bazar': 1, 'mumbai_morning': 1, 'new_time_bazar': 0, 'night_bombay': 1, 'ntr_day': 1, 'ntr_morning': 1, 'ntr_night': 1, 'old_main_mumbai': 1, 'padmavathi': 1, 'padmavathi_night': 1, 'parel_day': 0, 'parvati': 0, 'prabhat': 1, 'prabhat_night': 0, 'puna_bazar': 1, 'puna_night_main': 0, 'rajdhani_day': 1, 'rajdhani_morning_main': 1, 'rajdhani_night': 1, 'rakhi_morning': 1, 'ratan_khatri': 0, 'ratna_day': 1, 'ratna_morning': 1, 'ratna_night': 1, 'rose_bazar_day': 1, 'rose_bazar_night': 1, 'sahara': 0, 'samrat_bazar': 1, 'shri_day': 1, 'shri_night': 1, 'sita_day': 1, 'sita_morning': 1, 'sita_night': 1, 'sitara_bazar': 0, 'sri_dhanalaxmi': 1, 'sridevi': 1, 'sridevi_day': 1, 'sridevi_morning': 1, 'sridevi_night': 1, 'srilakshmi': 1, 'srilaxmi_day': 1, 'star_tara_day': 1, 'star_tara_morning': 1, 'star_tara_night': 1, 'sunday_bazar': 1, 'super_day': 0, 'super_goa_day': 0, 'super_king': 1, 'super_king_night': 1, 'super_milan_day': 1, 'super_milan_night': 0, 'super_morning': 0, 'super_night': 0, 'super_time': 1, 'supreme_day': 1, 'supreme_night': 1, 'tara_mumbai_day': 1, 'tara_mumbai_night': 1, 'teen_patti': 1, 'time_bazar': 1, 'time_bazar_day': 1, 'time_bazar_morning': 1, 'time_night': 0, 'tulsi_morning': 1, 'worli_morning': 0, 'worli_mumbai': 1, 'worli_mumbai_day': 1, 'worli_mumbai_night': 1, 'worli_night': 0}
2026-09-29 10:02:11,190 INFO Output written to C:\Users\VCOM\Desktop\Kalyan_Penal_Scraper\output/todays_predictions_v51_20260929.json (144 markets)
2026-09-29 10:02:11,222 INFO State saved to C:\Users\VCOM\Desktop\Kalyan_Penal_Scraper\state\engine_v51_unified_state.json
2026-09-29 10:48:27,120 INFO Starting v51_unified | history=C:\Users\VCOM\Desktop\Kalyan_Penal_Scraper\sattaboss-data\data\all_markets_history.json | state=C:\Users\VCOM\Desktop\Kalyan_Penal_Scraper\state\engine_v51_unified_state.json
2026-09-29 10:48:27,120 ERROR History validation failed: Empty history
2026-09-29 10:48:33,027 INFO Starting v51_unified | history=C:\Users\VCOM\Desktop\Kalyan_Penal_Scraper\sattaboss-data\data\all_markets_history.json | state=C:\Users\VCOM\Desktop\Kalyan_Penal_Scraper\state\engine_v51_unified_state.json
2026-09-29 10:48:33,027 ERROR History validation failed: Empty history
2026-09-29 10:48:38,587 INFO Starting v51_unified | history=C:\Users\VCOM\Desktop\Kalyan_Penal_Scraper\sattaboss-data\data\all_markets_history.json | state=C:\Users\VCOM\Desktop\Kalyan_Penal_Scraper\state\engine_v51_unified_state.json
2026-09-29 10:48:38,587 ERROR History validation failed: Empty history
